[2026-03-15 19:36:34] FATAL: Failed to load config:
[2026-03-15 19:38:36] FATAL: Failed to load config:
[2026-03-15 19:38:39] FATAL: Failed to load config:
[2026-03-15 19:38:42] FATAL: Failed to load config:
[2026-03-15 19:39:22] FATAL: Failed to load config:
[2026-03-15 19:39:23] FATAL: Failed to load config:
[2026-03-15 19:40:22] FATAL: Failed to connect to db:
[2026-03-15 19:41:48] FATAL: Failed to connect to db:
[2026-03-15 19:41:57] FATAL: Failed to connect to db:
[2026-03-15 19:41:57] FATAL: Failed to connect to db:
[2026-03-15 19:41:58] FATAL: Failed to connect to db:
[2026-03-15 19:41:59] FATAL: Failed to connect to db:
[2026-03-15 19:42:00] FATAL: Failed to connect to db:
[2026-03-15 19:42:00] FATAL: Failed to connect to db:
[2026-03-15 19:42:01] FATAL: Failed to connect to db:
[2026-03-15 19:54:24] FATAL: Failed to connect to db:
[2026-03-15 19:55:11] FATAL: Failed to connect to db:
[2026-03-15 19:55:13] FATAL: Failed to connect to db:
[2026-03-15 19:55:14] FATAL: Failed to connect to db:
[2026-03-15 19:55:15] FATAL: Failed to connect to db:
[2026-03-15 19:55:16] FATAL: Failed to connect to db:
[2026-03-15 19:55:17] FATAL: Failed to connect to db:
[2026-03-15 19:58:33] INFO: Server is starting on port :8080
[2026-03-15 20:00:11] ERROR: Error in SignUp ShouldBindJSON:
[2026-03-15 20:03:04] ERROR: Error in SignUp ShouldBindJSON:
[2026-03-15 20:03:26] INFO: User %v SignUp successfully
[2026-03-15 20:04:41] INFO: User %v SignIn successfully
[2026-03-15 20:12:14] INFO: Shutting down server...
[2026-03-15 20:12:14] INFO: Server exited
[2026-03-15 20:17:37] INFO: Server is starting on port :8080
[2026-03-15 20:18:05] INFO: Shutting down server...
[2026-03-15 20:18:05] INFO: Server exited
[2026-03-15 20:18:06] FATAL: Failed to connect to db: error=failed to ping database: dial tcp 127.0.0.1:15432: connect: connection refused
[2026-03-15 20:18:21] FATAL: Failed to connect to db: error=failed to ping database: dial tcp 127.0.0.1:15432: connect: connection refused
[2026-03-15 20:18:25] FATAL: Failed to connect to db: error=failed to ping database: dial tcp 127.0.0.1:15432: connect: connection refused
[2026-03-15 20:18:38] INFO: Server is starting on port :8080
[2026-03-15 20:25:14] INFO: Shutting down server...
[2026-03-15 20:25:14] INFO: Server exited
[2026-03-15 20:25:16] INFO: Server is starting on port :8080
[2026-03-15 20:28:01] INFO: Shutting down server...
[2026-03-15 20:28:01] INFO: Server exited
[2026-03-15 20:40:39] INFO: Server is starting on port :8080
[2026-03-15 20:41:01] INFO: User SignUp successfully user=fedor@mail.ru
[2026-03-15 20:41:27] ERROR: Error in SignIn ShouldBindJSON: error=EOF
[2026-03-15 20:41:40] INFO: User SignIn successfully user=fedor@mail.ru
[2026-03-15 20:43:49] INFO: User SignIn successfully user=fedor@mail.ru
[2026-03-15 20:44:09] ERROR: Error in GetUser: invalid user ID type
[2026-03-15 20:44:48] INFO: User SignIn successfully user=fedor@mail.ru
[2026-03-15 20:44:55] ERROR: Error in GetUser: invalid user ID type
[2026-03-15 20:45:44] ERROR: Error in GetUser: invalid user ID type
[2026-03-15 20:46:01] INFO: User SignIn successfully user=fedor@mail.ru
[2026-03-15 20:46:04] ERROR: Error in GetUser: invalid user ID type
[2026-03-15 20:47:34] INFO: Shutting down server...
[2026-03-15 20:47:34] INFO: Server exited
[2026-03-15 20:47:36] INFO: Server is starting on port :8080
[2026-03-15 20:47:39] ERROR: Error in GetUser: invalid user ID type
[2026-03-15 20:47:50] INFO: User SignIn successfully user=fedor@mail.ru
[2026-03-15 20:48:00] ERROR: Error in GetUser: invalid user ID type
[2026-03-15 20:49:19] ERROR: Error in get value from cookie in AuthMiddle: error=http: named cookie not present
[2026-03-15 20:49:54] INFO: User SignIn successfully user=fedor@mail.ru
[2026-03-15 20:49:57] ERROR: Error in GetUser: invalid user ID type
[2026-03-15 20:53:10] INFO: User SignIn successfully user=fedor@mail.ru
[2026-03-15 20:53:39] ERROR: Error in GetSettings: Invalid user ID type
[2026-03-15 20:53:40] ERROR: Error in GetSettings: Invalid user ID type
[2026-03-15 20:57:13] INFO: Shutting down server...
[2026-03-15 20:57:13] INFO: Server exited
[2026-03-15 20:57:15] INFO: Server is starting on port :8080
[2026-03-15 20:57:19] ERROR: Error in GetSettings: Invalid user ID type
[2026-03-15 20:57:28] ERROR: Error in GetSettings: Invalid user ID type
[2026-03-15 20:57:30] INFO: User SignIn successfully user=fedor@mail.ru
[2026-03-15 20:57:32] ERROR: Error in GetSettings: Invalid user ID type
[2026-03-15 20:57:59] ERROR: Error in GetUser: invalid user ID type
[2026-03-15 20:59:06] INFO: Shutting down server...
[2026-03-15 20:59:06] INFO: Server exited
[2026-03-15 20:59:08] INFO: Server is starting on port :8080
[2026-03-15 20:59:12] INFO: User getted successfully user=819c0e84-e889-470f-8d98-9abaf7185bf4
[2026-03-15 20:59:32] INFO: Setting getted successfully user=819c0e84-e889-470f-8d98-9abaf7185bf4
[2026-03-15 20:59:37] INFO: Tasks getted successfully user=819c0e84-e889-470f-8d98-9abaf7185bf4
[2026-03-15 20:59:45] INFO: User getted successfully user=819c0e84-e889-470f-8d98-9abaf7185bf4
[2026-03-15 21:00:17] INFO: Shutting down server...
[2026-03-15 21:00:17] INFO: Server exited
[2026-03-15 21:00:18] INFO: Server is starting on port :8080
[2026-03-16 02:13:46] INFO: User updated successfully user=819c0e84-e889-470f-8d98-9abaf7185bf4
[2026-03-16 02:14:02] ERROR: Error in UpdateUser ShouldBindJSON: error=Key: 'UserUpdate.Email' Error:Field validation for 'Email' failed on the 'email' tag
[2026-03-16 02:14:23] ERROR: Error in UpdateUser ShouldBindJSON: error=invalid character '"' after object key:value pair
[2026-03-16 02:14:28] ERROR: Error in UpdateUser: error=error in UpdateUser: new email already exist
[2026-03-16 02:14:45] ERROR: Error in UpdateUser ShouldBindJSON: error=invalid character '}' looking for beginning of object key string
[2026-03-16 02:15:16] ERROR: Error in UpdateUser ShouldBindJSON: error=Key: 'UserUpdate.Email' Error:Field validation for 'Email' failed on the 'required' tag
[2026-03-16 02:15:49] INFO: Shutting down server...
[2026-03-16 02:15:49] INFO: Server exited
[2026-03-16 02:15:51] INFO: Server is starting on port :8080
[2026-03-16 02:15:55] ERROR: Error in UpdateUser ShouldBindJSON: error=Key: 'UserUpdate.Email' Error:Field validation for 'Email' failed on the 'email' tag
[2026-03-16 02:15:57] ERROR: Error in UpdateUser ShouldBindJSON: error=Key: 'UserUpdate.Email' Error:Field validation for 'Email' failed on the 'email' tag
[2026-03-16 02:16:09] INFO: Shutting down server...
[2026-03-16 02:16:09] INFO: Server exited
[2026-03-16 02:16:11] INFO: Server is starting on port :8080
[2026-03-16 02:16:14] INFO: User updated successfully user=819c0e84-e889-470f-8d98-9abaf7185bf4
[2026-03-16 02:16:32] ERROR: Error in UpdateUser: error=error in UpdateUser: new email not looks like email
[2026-03-16 02:16:38] INFO: User updated successfully user=819c0e84-e889-470f-8d98-9abaf7185bf4
[2026-03-16 02:16:54] INFO: User updated successfully user=819c0e84-e889-470f-8d98-9abaf7185bf4
[2026-03-16 02:17:58] ERROR: Error in parse token in AuthMiddle: error=token is malformed: token contains an invalid number of segments
[2026-03-16 02:18:19] ERROR: Error in SignIn: error=error in UserByEmail query: sql: no rows in result set
[2026-03-16 02:18:39] ERROR: Error in SignIn: error=error in UserByEmail query: sql: no rows in result set
[2026-03-16 02:18:54] ERROR: Error in SignIn: error=error in CheckAndGetUser: passwords not match
[2026-03-16 02:19:02] ERROR: Error in SignIn: error=error in CheckAndGetUser: passwords not match
[2026-03-16 02:19:09] ERROR: Error in SignIn: error=error in CheckAndGetUser: passwords not match
[2026-03-16 02:19:16] INFO: User SignUp successfully user=fedor@mail.ru
[2026-03-16 02:19:51] INFO: User deleted successfully user=35541e0d-1982-4289-900e-3913658da830
[2026-03-16 02:20:30] INFO: User SignIn successfully user=feda@mail.com
[2026-03-16 02:21:02] INFO: Setting getted successfully user=819c0e84-e889-470f-8d98-9abaf7185bf4
[2026-03-16 02:22:04] ERROR: Error in UpdateSettings ShouldBindJSON:
[2026-03-16 02:22:08] ERROR: Error in UpdateSettings ShouldBindJSON:
[2026-03-16 02:23:09] INFO: Shutting down server...
[2026-03-16 02:23:09] INFO: Server exited
[2026-03-16 02:23:11] INFO: Server is starting on port :8080
[2026-03-16 02:23:15] INFO: Settings updated successfully user=819c0e84-e889-470f-8d98-9abaf7185bf4
[2026-03-16 02:23:31] ERROR: Error in UpdateSettings ShouldBindJSON: error=invalid character '"' after object key:value pair
[2026-03-16 02:23:38] INFO: Settings updated successfully user=819c0e84-e889-470f-8d98-9abaf7185bf4
[2026-03-16 02:23:43] INFO: Settings updated successfully user=819c0e84-e889-470f-8d98-9abaf7185bf4
[2026-03-16 02:23:47] ERROR: Error in UpdateSettings: error=error in UpdateSettings: timezone not looks like timezone
[2026-03-16 02:24:09] INFO: Settings updated successfully user=819c0e84-e889-470f-8d98-9abaf7185bf4
[2026-03-16 02:24:16] INFO: Settings updated successfully user=819c0e84-e889-470f-8d98-9abaf7185bf4
[2026-03-16 02:25:04] INFO: Tasks getted successfully user=819c0e84-e889-470f-8d98-9abaf7185bf4
[2026-03-16 02:26:28] INFO: Task created successfully user=819c0e84-e889-470f-8d98-9abaf7185bf4
[2026-03-16 02:27:44] INFO: Task created successfully user=819c0e84-e889-470f-8d98-9abaf7185bf4
[2026-03-16 02:28:16] INFO: Tasks getted successfully user=819c0e84-e889-470f-8d98-9abaf7185bf4
[2026-03-16 02:31:43] INFO: Shutting down server...
[2026-03-16 02:31:43] INFO: Server exited
[2026-03-16 02:31:45] INFO: Server is starting on port :8080
[2026-03-16 02:31:48] INFO: Tasks getted successfully user=819c0e84-e889-470f-8d98-9abaf7185bf4
[2026-03-16 02:32:18] ERROR: Error in CreateTask: error=error in CreateTask: end_at cannot be before start_at
[2026-03-16 02:32:57] INFO: Task created successfully user=819c0e84-e889-470f-8d98-9abaf7185bf4
[2026-03-16 02:33:58] ERROR: Error in CreateTask ShouldBindJSON: error=parsing time "3" as "2006-01-02T15:04:05Z07:00": cannot parse "3" as "2006"
[2026-03-16 02:34:17] INFO: Task created successfully user=819c0e84-e889-470f-8d98-9abaf7185bf4
[2026-03-16 02:36:46] INFO: Tasks getted successfully user=819c0e84-e889-470f-8d98-9abaf7185bf4
[2026-03-16 02:37:06] ERROR: Error in parse uuid in GetTaskById: error=invalid UUID length: 9
[2026-03-16 02:37:21] INFO: Tasks getted successfully user=819c0e84-e889-470f-8d98-9abaf7185bf4
[2026-03-16 02:37:32] ERROR: Error in parse uuid in GetTaskById: error=invalid UUID length: 8
[2026-03-16 02:37:42] INFO: Tasks getted successfully user=819c0e84-e889-470f-8d98-9abaf7185bf4
[2026-03-16 02:38:31] INFO: One task getted successfully user=819c0e84-e889-470f-8d98-9abaf7185bf4
[2026-03-16 02:39:57] INFO: Task updated successfully task=a690222d-4f22-4806-9a07-c12223e4d5c4 user=819c0e84-e889-470f-8d98-9abaf7185bf4
[2026-03-16 02:40:12] INFO: Task updated successfully task=a690222d-4f22-4806-9a07-c12223e4d5c4 user=819c0e84-e889-470f-8d98-9abaf7185bf4
[2026-03-16 02:40:23] ERROR: Error in UpdateTask ShouldBindJSON: error=parsing time "" as "2006-01-02T15:04:05Z07:00": cannot parse "" as "2006"
[2026-03-16 02:40:29] INFO: Task updated successfully task=a690222d-4f22-4806-9a07-c12223e4d5c4 user=819c0e84-e889-470f-8d98-9abaf7185bf4
[2026-03-16 02:41:56] INFO: Task deleted successfully task=63ac3fda-ac37-4039-aeb4-0fe9ed98c6c1 user=819c0e84-e889-470f-8d98-9abaf7185bf4
[2026-03-16 02:42:33] INFO: Tasks getted successfully user=819c0e84-e889-470f-8d98-9abaf7185bf4
[2026-03-16 02:43:12] INFO: Task created successfully user=819c0e84-e889-470f-8d98-9abaf7185bf4
[2026-03-16 02:43:15] INFO: Tasks getted successfully user=819c0e84-e889-470f-8d98-9abaf7185bf4
[2026-03-16 02:44:57] INFO: Shutting down server...
[2026-03-16 02:44:57] INFO: Server exited
